
> homeguru@0.1.0 build
> next build

node.exe :  ΓÜá 
Warning: Next.js 
inferred your workspace 
root, but it may not be 
correct.
At line:1 char:1
+ & "C:\Program 
Files\nodejs/node.exe" "
C:\Users\dhrav\AppData\R
oaming\ ...
+ ~~~~~~~~~~~~~~~~~~~~~~
~~~~~~~~~~~~~~~~~~~~~~~~
~~~~~~~~~~~~~~~~~~~~~~~
    + CategoryInfo      
        : NotSpecified  
  : ( ΓÜá Warning: N.   
 ..not be correct.:S    
tring) [], RemoteEx    
ception
    + FullyQualifiedErr 
   orId : NativeComman  
  dError
 
 We detected multiple 
lockfiles and selected 
the directory of C:\User
s\dhrav\Desktop\homedash
\package-lock.json as 
the root directory.
 To silence this 
warning, set 
`outputFileTracingRoot` 
in your Next.js config, 
or consider removing 
one of the lockfiles if 
it's not needed.
   See https://nextjs.or
g/docs/app/api-reference
/config/next-config-js/o
utput#caveats for more 
information.
 Detected additional 
lockfiles: 
   * C:\Users\dhrav\Desk
top\homedash\homeguru\pa
ckage-lock.json

   Γû▓ Next.js 15.5.12

   Creating an optimized production build ...
 Γ£ô Compiled successfully in 5.0s
   Linting and checking validity of types ...

Failed to compile.

./app/assignment/page.ts
x
632:105  Error: `'` can 
be escaped with 
`&apos;`, `&lsquo;`, 
`&#39;`, `&rsquo;`.  rea
ct/no-unescaped-entities
687:95  Error: `'` can 
be escaped with 
`&apos;`, `&lsquo;`, 
`&#39;`, `&rsquo;`.  rea
ct/no-unescaped-entities

./app/chat/page.tsx
262:6  Warning: React 
Hook useEffect has a 
missing dependency: 
'convo.messages'. 
Either include it or 
remove the dependency 
array. If 'setMessages' 
needs the current value 
of 'convo.messages', 
you can also switch to 
useReducer instead of 
useState and read 
'convo.messages' in the 
reducer.  react-hooks/ex
haustive-deps

./app/community/page.tsx
52:7  Warning: Using 
`<img>` could result in 
slower LCP and higher 
bandwidth. Consider 
using `<Image />` from 
`next/image` or a 
custom image loader to 
automatically optimize 
images. This may incur 
additional usage or 
cost from your 
provider. See: https://n
extjs.org/docs/messages/
no-img-element  @next/ne
xt/no-img-element
190:16  Error: `'` can 
be escaped with 
`&apos;`, `&lsquo;`, 
`&#39;`, `&rsquo;`.  rea
ct/no-unescaped-entities
275:13  Warning: Using 
`<img>` could result in 
slower LCP and higher 
bandwidth. Consider 
using `<Image />` from 
`next/image` or a 
custom image loader to 
automatically optimize 
images. This may incur 
additional usage or 
cost from your 
provider. See: https://n
extjs.org/docs/messages/
no-img-element  @next/ne
xt/no-img-element

./app/payments/page.tsx
831:21  Error: `'` can 
be escaped with 
`&apos;`, `&lsquo;`, 
`&#39;`, `&rsquo;`.  rea
ct/no-unescaped-entities
832:24  Error: `'` can 
be escaped with 
`&apos;`, `&lsquo;`, 
`&#39;`, `&rsquo;`.  rea
ct/no-unescaped-entities
833:20  Error: `'` can 
be escaped with 
`&apos;`, `&lsquo;`, 
`&#39;`, `&rsquo;`.  rea
ct/no-unescaped-entities
880:35  Error: 'X' is 
not defined.  
react/jsx-no-undef

./app/roadmap/page.tsx
240:17  Warning: Using 
`<img>` could result in 
slower LCP and higher 
bandwidth. Consider 
using `<Image />` from 
`next/image` or a 
custom image loader to 
automatically optimize 
images. This may incur 
additional usage or 
cost from your 
provider. See: https://n
extjs.org/docs/messages/
no-img-element  @next/ne
xt/no-img-element

./app/session-history/pa
ge.tsx
700:89  Error: `'` can 
be escaped with 
`&apos;`, `&lsquo;`, 
`&#39;`, `&rsquo;`.  rea
ct/no-unescaped-entities

./components/Header.tsx
73:11  Warning: Using 
`<img>` could result in 
slower LCP and higher 
bandwidth. Consider 
using `<Image />` from 
`next/image` or a 
custom image loader to 
automatically optimize 
images. This may incur 
additional usage or 
cost from your 
provider. See: https://n
extjs.org/docs/messages/
no-img-element  @next/ne
xt/no-img-element

./components/mySchedule.
tsx
326:29  Warning: Using 
`<img>` could result in 
slower LCP and higher 
bandwidth. Consider 
using `<Image />` from 
`next/image` or a 
custom image loader to 
automatically optimize 
images. This may incur 
additional usage or 
cost from your 
provider. See: https://n
extjs.org/docs/messages/
no-img-element  @next/ne
xt/no-img-element
330:31  Warning: Using 
`<img>` could result in 
slower LCP and higher 
bandwidth. Consider 
using `<Image />` from 
`next/image` or a 
custom image loader to 
automatically optimize 
images. This may incur 
additional usage or 
cost from your 
provider. See: https://n
extjs.org/docs/messages/
no-img-element  @next/ne
xt/no-img-element
471:93  Error: `'` can 
be escaped with 
`&apos;`, `&lsquo;`, 
`&#39;`, `&rsquo;`.  rea
ct/no-unescaped-entities
642:154  Error: `'` can 
be escaped with 
`&apos;`, `&lsquo;`, 
`&#39;`, `&rsquo;`.  rea
ct/no-unescaped-entities
696:21  Warning: Using 
`<img>` could result in 
slower LCP and higher 
bandwidth. Consider 
using `<Image />` from 
`next/image` or a 
custom image loader to 
automatically optimize 
images. This may incur 
additional usage or 
cost from your 
provider. See: https://n
extjs.org/docs/messages/
no-img-element  @next/ne
xt/no-img-element
783:21  Warning: Using 
`<img>` could result in 
slower LCP and higher 
bandwidth. Consider 
using `<Image />` from 
`next/image` or a 
custom image loader to 
automatically optimize 
images. This may incur 
additional usage or 
cost from your 
provider. See: https://n
extjs.org/docs/messages/
no-img-element  @next/ne
xt/no-img-element
866:21  Warning: Using 
`<img>` could result in 
slower LCP and higher 
bandwidth. Consider 
using `<Image />` from 
`next/image` or a 
custom image loader to 
automatically optimize 
images. This may incur 
additional usage or 
cost from your 
provider. See: https://n
extjs.org/docs/messages/
no-img-element  @next/ne
xt/no-img-element

./components/ReviewLesso
n.tsx
134:15  Warning: Using 
`<img>` could result in 
slower LCP and higher 
bandwidth. Consider 
using `<Image />` from 
`next/image` or a 
custom image loader to 
automatically optimize 
images. This may incur 
additional usage or 
cost from your 
provider. See: https://n
extjs.org/docs/messages/
no-img-element  @next/ne
xt/no-img-element

./components/Sidebar.tsx
164:13  Warning: Using 
`<img>` could result in 
slower LCP and higher 
bandwidth. Consider 
using `<Image />` from 
`next/image` or a 
custom image loader to 
automatically optimize 
images. This may incur 
additional usage or 
cost from your 
provider. See: https://n
extjs.org/docs/messages/
no-img-element  @next/ne
xt/no-img-element

./components/TrendingTea
chers.tsx
135:23  Warning: Using 
`<img>` could result in 
slower LCP and higher 
bandwidth. Consider 
using `<Image />` from 
`next/image` or a 
custom image loader to 
automatically optimize 
images. This may incur 
additional usage or 
cost from your 
provider. See: https://n
extjs.org/docs/messages/
no-img-element  @next/ne
xt/no-img-element

./components/UpcomingSch
edule.tsx
161:17  Warning: Using 
`<img>` could result in 
slower LCP and higher 
bandwidth. Consider 
using `<Image />` from 
`next/image` or a 
custom image loader to 
automatically optimize 
images. This may incur 
additional usage or 
cost from your 
provider. See: https://n
extjs.org/docs/messages/
no-img-element  @next/ne
xt/no-img-element
174:19  Warning: Using 
`<img>` could result in 
slower LCP and higher 
bandwidth. Consider 
using `<Image />` from 
`next/image` or a 
custom image loader to 
automatically optimize 
images. This may incur 
additional usage or 
cost from your 
provider. See: https://n
extjs.org/docs/messages/
no-img-element  @next/ne
xt/no-img-element

info  - Need to disable 
some ESLint rules? 
Learn more here: https:/
/nextjs.org/docs/app/api
-reference/config/eslint
#disabling-rules
