
build_output.txt:62:632:
105  Error: `'` can 
build_output.txt:67:687:
95  Error: `'` can 
build_output.txt:106:190
:16  Error: `'` can 
build_output.txt:128:831
:21  Error: `'` can 
build_output.txt:133:832
:24  Error: `'` can 
build_output.txt:138:833
:20  Error: `'` can 
build_output.txt:143:880
:35  Error: 'X' is 
build_output.txt:166:700
:89  Error: `'` can 
build_output.txt:221:471
:93  Error: `'` can 
build_output.txt:226:642
:154  Error: `'` can 


